[milkonsolana.vip/index.html]
[backblue.gif]
[fade.gif]
[index.html]
[milkonsolana.vip/css/main.min.css]
[milkonsolana.vip/css/elementor-icons.min.css]
[milkonsolana.vip/css/frontend-lite.min.css]
[milkonsolana.vip/css/swiper.min.css]
[milkonsolana.vip/css/post-25.css]
[milkonsolana.vip/css/she-header-style.css]
[milkonsolana.vip/css/post-23.css]
[milkonsolana.vip/css/frontend.css]
[milkonsolana.vip/js/jquery.min.js]
[milkonsolana.vip/js/jquery-migrate.min.js]
[milkonsolana.vip/js/she-header.js]
[milkonsolana.vip/images/Untitled_design__16_-removebg-preview-150x150.c.delayed]
[milkonsolana.vip/images/Untitled_design__16_-removebg-preview-300x300.d.delayed]
[milkonsolana.vip/js/wp-emoji-release.min.js]
[milkonsolana.vip/images/Untitled_design__16_-removebg-preview.png]
[milkonsolana.vip/images/jointelegram.png]
[milkonsolana.vip/images/4d0.gif]
[milkonsolana.vip/images/buy-1.jpg]
[milkonsolana.vip/images/twitter.jpg]
[milkonsolana.vip/images/TgGroup.jpg]
[milkonsolana.vip/js/frontend.min_1.js]
[milkonsolana.vip/js/webpack.runtime.min.js]
[milkonsolana.vip/js/frontend-modules.min.js]
[milkonsolana.vip/js/waypoints.min.js]
[milkonsolana.vip/js/core.min.js]
[milkonsolana.vip/js/frontend.min_2.js]
[milkonsolana.vip/js/underscore.min.js]
[milkonsolana.vip/js/wp-util.min.js]
[milkonsolana.vip/js/frontend.min.js]
[milkonsolana.vip/index.html]
[milkonsolana.vip/css/main.min.css]
[milkonsolana.vip/css/header-footer-elementor.css]
[milkonsolana.vip/fonts/eicons.eot]
[milkonsolana.vip/fonts/eicons.woff2]
[milkonsolana.vip/fonts/eicons.woff]
[milkonsolana.vip/fonts/eicons.ttf]
[milkonsolana.vip/css/elementor-icons.min.css]
[milkonsolana.vip/css/frontend-lite.min.css]
[milkonsolana.vip/css/swiper.min.css]
[milkonsolana.vip/css/post-25.css]
[milkonsolana.vip/css/she-header-style.css]
[milkonsolana.vip/images/eicons.svg]
[milkonsolana.vip/images/photo_2023-10-23_17-25-32.jpg]
[milkonsolana.vip/images/tumblr_ooxcw0Sfpj1vbdodoo1_1280.gif]
[milkonsolana.vip/css/post-23.css]
[milkonsolana.vip/css/frontend.css]
[milkonsolana.vip/images/Untitled_design__16_-removebg-preview-150x150.html]
[milkonsolana.vip/images/Untitled_design__16_-removebg-preview-300x300.html]
[milkonsolana.vip/images/eicons.svg]
